2025-07-20 00:07:16 [http-nio-8080-exec-9] DEBUG o.s.security.web.FilterChainProxy - Securing GET /student/lichhoc
2025-07-20 00:07:16 [http-nio-8080-exec-9] DEBUG o.s.s.w.c.HttpSessionSecurityContextRepository - Retrieved SecurityContextImpl [Authentication=UsernamePasswordAuthenticationToken [Principal=com.tathanhloc.faceattendance.Security.CustomUserDetails@10b705c0, Credentials=[PROTECTED], Authenticated=true, Details=WebAuthenticationDetails [RemoteIpAddress=0:0:0:0:0:0:0:1, SessionId=3AC49FCD6C9529C424FBE42F6165DAB3], Granted Authorities=[ROLE_SINHVIEN]]]
2025-07-20 00:07:16 [http-nio-8080-exec-9] DEBUG o.s.security.web.FilterChainProxy - Secured GET /student/lichhoc
2025-07-20 00:07:16 [http-nio-8080-exec-9] DEBUG org.hibernate.SQL - 
    select
        sv1_0.ma_sv,
        sv1_0.email,
        sv1_0.embedding,
        sv1_0.gioi_tinh,
        sv1_0.hinh_anh,
        sv1_0.ho_ten,
        sv1_0.is_active,
        sv1_0.ma_lop,
        l1_0.ma_lop,
        l1_0.is_active,
        kh1_0.ma_khoahoc,
        kh1_0.nam_bat_dau,
        kh1_0.nam_ket_thuc,
        kh1_0.ten_khoahoc,
        mk1_0.ma_khoa,
        mk1_0.is_active,
        mk1_0.ten_khoa,
        n1_0.ma_nganh,
        n1_0.is_active,
        n1_0.ma_khoa,
        n1_0.ten_nganh,
        l1_0.ten_lop,
        sv1_0.ngay_sinh 
    from
        sinhvien sv1_0 
    join
        lop l1_0 
            on l1_0.ma_lop=sv1_0.ma_lop 
    left join
        khoahoc kh1_0 
            on kh1_0.ma_khoahoc=l1_0.ma_khoahoc 
    left join
        khoa mk1_0 
            on mk1_0.ma_khoa=l1_0.ma_khoa 
    left join
        nganh n1_0 
            on n1_0.ma_nganh=l1_0.ma_nganh 
    where
        sv1_0.ma_sv=?
2025-07-20 00:07:16 [http-nio-8080-exec-9] DEBUG org.hibernate.SQL - 
    select
        dkh1_0.ma_lhp,
        dkh1_0.ma_sv,
        dkh1_0.is_active 
    from
        lhp_sinhvien dkh1_0 
    left join
        sinhvien sv1_0 
            on sv1_0.ma_sv=dkh1_0.ma_sv 
    where
        sv1_0.ma_sv=?
2025-07-20 00:07:16 [http-nio-8080-exec-9] DEBUG org.hibernate.SQL - 
    select
        lhp1_0.ma_lhp,
        gv1_0.ma_gv,
        gv1_0.email,
        gv1_0.ho_ten,
        gv1_0.is_active,
        k1_0.ma_khoa,
        k1_0.is_active,
        k1_0.ten_khoa,
        lhp1_0.hoc_ky,
        lhp1_0.is_active,
        mh1_0.ma_mh,
        mh1_0.is_active,
        mh1_0.so_tin_chi,
        mh1_0.ten_mh,
        lhp1_0.nam_hoc,
        lhp1_0.nhom 
    from
        lophocphan lhp1_0 
    left join
        giangvien gv1_0 
            on gv1_0.ma_gv=lhp1_0.ma_gv 
    left join
        khoa k1_0 
            on k1_0.ma_khoa=gv1_0.ma_khoa 
    left join
        monhoc mh1_0 
            on mh1_0.ma_mh=lhp1_0.ma_mh 
    where
        lhp1_0.ma_lhp=?
2025-07-20 00:07:16 [http-nio-8080-exec-9] DEBUG org.hibernate.SQL - 
    select
        lh1_0.ma_lich,
        lh1_0.created_at,
        lh1_0.is_active,
        lh1_0.ma_lhp,
        lh1_0.ma_phong,
        lh1_0.so_tiet,
        lh1_0.thu,
        lh1_0.tiet_bat_dau,
        lh1_0.updated_at 
    from
        lichhoc lh1_0
2025-07-20 00:07:16 [http-nio-8080-exec-9] DEBUG org.hibernate.SQL - 
    select
        ph1_0.ma_phong,
        ph1_0.is_active,
        ph1_0.loai_phong,
        ph1_0.mo_ta,
        ph1_0.suc_chua,
        ph1_0.tang,
        ph1_0.ten_phong,
        ph1_0.thiet_bi,
        ph1_0.toa_nha,
        ph1_0.trang_thai,
        ph1_0.vi_tri 
    from
        phonghoc ph1_0 
    where
        ph1_0.ma_phong=?
2025-07-20 00:07:16 [http-nio-8080-exec-9] DEBUG org.hibernate.SQL - 
    select
        lhp1_0.ma_lhp,
        gv1_0.ma_gv,
        gv1_0.email,
        gv1_0.ho_ten,
        gv1_0.is_active,
        k1_0.ma_khoa,
        k1_0.is_active,
        k1_0.ten_khoa,
        lhp1_0.hoc_ky,
        lhp1_0.is_active,
        mh1_0.ma_mh,
        mh1_0.is_active,
        mh1_0.so_tin_chi,
        mh1_0.ten_mh,
        lhp1_0.nam_hoc,
        lhp1_0.nhom 
    from
        lophocphan lhp1_0 
    left join
        giangvien gv1_0 
            on gv1_0.ma_gv=lhp1_0.ma_gv 
    left join
        khoa k1_0 
            on k1_0.ma_khoa=gv1_0.ma_khoa 
    left join
        monhoc mh1_0 
            on mh1_0.ma_mh=lhp1_0.ma_mh 
    where
        lhp1_0.ma_lhp=?
2025-07-20 00:07:16 [http-nio-8080-exec-9] DEBUG org.hibernate.SQL - 
    select
        hk1_0.ma_hoc_ky,
        hk1_0.is_active,
        hk1_0.is_current,
        hk1_0.mo_ta,
        hk1_0.ngay_bat_dau,
        hk1_0.ngay_ket_thuc,
        hk1_0.ten_hoc_ky 
    from
        hoc_ky hk1_0 
    where
        hk1_0.is_current
2025-07-20 00:07:16 [http-nio-8080-exec-9] DEBUG org.hibernate.SQL - 
    select
        lh1_0.ma_lich,
        lh1_0.created_at,
        lh1_0.is_active,
        lh1_0.ma_lhp,
        lh1_0.ma_phong,
        lh1_0.so_tiet,
        lh1_0.thu,
        lh1_0.tiet_bat_dau,
        lh1_0.updated_at 
    from
        lichhoc lh1_0
2025-07-20 00:07:16 [http-nio-8080-exec-9] DEBUG org.hibernate.SQL - 
    select
        dkh1_0.ma_lhp,
        dkh1_0.ma_sv,
        dkh1_0.is_active 
    from
        lhp_sinhvien dkh1_0 
    left join
        sinhvien sv1_0 
            on sv1_0.ma_sv=dkh1_0.ma_sv 
    where
        sv1_0.ma_sv=?
2025-07-20 00:07:16 [http-nio-8080-exec-9] INFO  c.t.f.C.StudentDashboardController - ✅ Calendar grid prepared: 1 schedules
2025-07-20 00:07:16 [SimpleAsyncTaskExecutor-69] DEBUG org.hibernate.SQL - 
    insert 
    into
        system_log
        (action, created_at, duration_ms, entity_id, entity_type, error_details, ip_address, log_level, message, module, new_value, old_value, request_method, request_url, session_id, status, user_agent, user_id, user_name) 
    values
        (?, ?, ?, ?, ?, ?, ?, ?, ?, ?, ?, ?, ?, ?, ?, ?, ?, ?, ?)
2025-07-20 00:07:16 [http-nio-8080-exec-10] DEBUG o.s.security.web.FilterChainProxy - Securing GET /css/student.css
2025-07-20 00:07:16 [http-nio-8080-exec-1] DEBUG o.s.security.web.FilterChainProxy - Securing GET /css/common.css
2025-07-20 00:07:16 [http-nio-8080-exec-2] DEBUG o.s.security.web.FilterChainProxy - Securing GET /css/sidebar.css
2025-07-20 00:07:16 [http-nio-8080-exec-1] DEBUG o.s.security.web.FilterChainProxy - Secured GET /css/common.css
2025-07-20 00:07:16 [http-nio-8080-exec-2] DEBUG o.s.security.web.FilterChainProxy - Secured GET /css/sidebar.css
2025-07-20 00:07:16 [http-nio-8080-exec-10] DEBUG o.s.security.web.FilterChainProxy - Secured GET /css/student.css
2025-07-20 00:07:16 [http-nio-8080-exec-1] DEBUG o.s.s.w.c.HttpSessionSecurityContextRepository - Retrieved SecurityContextImpl [Authentication=UsernamePasswordAuthenticationToken [Principal=com.tathanhloc.faceattendance.Security.CustomUserDetails@10b705c0, Credentials=[PROTECTED], Authenticated=true, Details=WebAuthenticationDetails [RemoteIpAddress=0:0:0:0:0:0:0:1, SessionId=3AC49FCD6C9529C424FBE42F6165DAB3], Granted Authorities=[ROLE_SINHVIEN]]]
2025-07-20 00:07:16 [http-nio-8080-exec-2] DEBUG o.s.s.w.c.HttpSessionSecurityContextRepository - Retrieved SecurityContextImpl [Authentication=UsernamePasswordAuthenticationToken [Principal=com.tathanhloc.faceattendance.Security.CustomUserDetails@10b705c0, Credentials=[PROTECTED], Authenticated=true, Details=WebAuthenticationDetails [RemoteIpAddress=0:0:0:0:0:0:0:1, SessionId=3AC49FCD6C9529C424FBE42F6165DAB3], Granted Authorities=[ROLE_SINHVIEN]]]
2025-07-20 00:07:16 [http-nio-8080-exec-10] DEBUG o.s.s.w.c.HttpSessionSecurityContextRepository - Retrieved SecurityContextImpl [Authentication=UsernamePasswordAuthenticationToken [Principal=com.tathanhloc.faceattendance.Security.CustomUserDetails@10b705c0, Credentials=[PROTECTED], Authenticated=true, Details=WebAuthenticationDetails [RemoteIpAddress=0:0:0:0:0:0:0:1, SessionId=3AC49FCD6C9529C424FBE42F6165DAB3], Granted Authorities=[ROLE_SINHVIEN]]]
2025-07-20 00:07:16 [http-nio-8080-exec-5] DEBUG o.s.security.web.FilterChainProxy - Securing GET /js/sidebar.js
2025-07-20 00:07:16 [http-nio-8080-exec-5] DEBUG o.s.security.web.FilterChainProxy - Secured GET /js/sidebar.js
2025-07-20 00:07:16 [http-nio-8080-exec-5] DEBUG o.s.s.w.c.HttpSessionSecurityContextRepository - Retrieved SecurityContextImpl [Authentication=UsernamePasswordAuthenticationToken [Principal=com.tathanhloc.faceattendance.Security.CustomUserDetails@10b705c0, Credentials=[PROTECTED], Authenticated=true, Details=WebAuthenticationDetails [RemoteIpAddress=0:0:0:0:0:0:0:1, SessionId=3AC49FCD6C9529C424FBE42F6165DAB3], Granted Authorities=[ROLE_SINHVIEN]]]
2025-07-20 00:07:16 [http-nio-8080-exec-4] DEBUG o.s.security.web.FilterChainProxy - Securing GET /api/auth/me
2025-07-20 00:07:16 [http-nio-8080-exec-4] DEBUG o.s.s.w.c.HttpSessionSecurityContextRepository - Retrieved SecurityContextImpl [Authentication=UsernamePasswordAuthenticationToken [Principal=com.tathanhloc.faceattendance.Security.CustomUserDetails@10b705c0, Credentials=[PROTECTED], Authenticated=true, Details=WebAuthenticationDetails [RemoteIpAddress=0:0:0:0:0:0:0:1, SessionId=3AC49FCD6C9529C424FBE42F6165DAB3], Granted Authorities=[ROLE_SINHVIEN]]]
2025-07-20 00:07:16 [http-nio-8080-exec-4] DEBUG o.s.security.web.FilterChainProxy - Secured GET /api/auth/me
2025-07-20 00:07:16 [http-nio-8080-exec-4] INFO  c.t.f.Controller.AuthController - Current user info requested: 21072006095
2025-07-20 00:07:16 [SimpleAsyncTaskExecutor-70] DEBUG org.hibernate.SQL - 
    insert 
    into
        system_log
        (action, created_at, duration_ms, entity_id, entity_type, error_details, ip_address, log_level, message, module, new_value, old_value, request_method, request_url, session_id, status, user_agent, user_id, user_name) 
    values
        (?, ?, ?, ?, ?, ?, ?, ?, ?, ?, ?, ?, ?, ?, ?, ?, ?, ?, ?)
2025-07-20 00:07:16 [http-nio-8080-exec-6] DEBUG o.s.security.web.FilterChainProxy - Securing GET /api/auth/me
2025-07-20 00:07:16 [http-nio-8080-exec-6] DEBUG o.s.s.w.c.HttpSessionSecurityContextRepository - Retrieved SecurityContextImpl [Authentication=UsernamePasswordAuthenticationToken [Principal=com.tathanhloc.faceattendance.Security.CustomUserDetails@10b705c0, Credentials=[PROTECTED], Authenticated=true, Details=WebAuthenticationDetails [RemoteIpAddress=0:0:0:0:0:0:0:1, SessionId=3AC49FCD6C9529C424FBE42F6165DAB3], Granted Authorities=[ROLE_SINHVIEN]]]
2025-07-20 00:07:16 [http-nio-8080-exec-6] DEBUG o.s.security.web.FilterChainProxy - Secured GET /api/auth/me
2025-07-20 00:07:16 [http-nio-8080-exec-6] INFO  c.t.f.Controller.AuthController - Current user info requested: 21072006095
2025-07-20 00:07:16 [SimpleAsyncTaskExecutor-71] DEBUG org.hibernate.SQL - 
    insert 
    into
        system_log
        (action, created_at, duration_ms, entity_id, entity_type, error_details, ip_address, log_level, message, module, new_value, old_value, request_method, request_url, session_id, status, user_agent, user_id, user_name) 
    values
        (?, ?, ?, ?, ?, ?, ?, ?, ?, ?, ?, ?, ?, ?, ?, ?, ?, ?, ?)
2025-07-20 00:07:16 [http-nio-8080-exec-7] DEBUG o.s.security.web.FilterChainProxy - Securing GET /student/profile
2025-07-20 00:07:16 [http-nio-8080-exec-7] DEBUG o.s.s.w.c.HttpSessionSecurityContextRepository - Retrieved SecurityContextImpl [Authentication=UsernamePasswordAuthenticationToken [Principal=com.tathanhloc.faceattendance.Security.CustomUserDetails@10b705c0, Credentials=[PROTECTED], Authenticated=true, Details=WebAuthenticationDetails [RemoteIpAddress=0:0:0:0:0:0:0:1, SessionId=3AC49FCD6C9529C424FBE42F6165DAB3], Granted Authorities=[ROLE_SINHVIEN]]]
2025-07-20 00:07:16 [http-nio-8080-exec-7] DEBUG o.s.security.web.FilterChainProxy - Secured GET /student/profile
2025-07-20 00:07:16 [SimpleAsyncTaskExecutor-72] DEBUG org.hibernate.SQL - 
    insert 
    into
        system_log
        (action, created_at, duration_ms, entity_id, entity_type, error_details, ip_address, log_level, message, module, new_value, old_value, request_method, request_url, session_id, status, user_agent, user_id, user_name) 
    values
        (?, ?, ?, ?, ?, ?, ?, ?, ?, ?, ?, ?, ?, ?, ?, ?, ?, ?, ?)
2025-07-20 00:07:16 [http-nio-8080-exec-2] DEBUG o.s.security.web.FilterChainProxy - Securing GET /js/sidebar.js
2025-07-20 00:07:16 [http-nio-8080-exec-9] DEBUG o.s.security.web.FilterChainProxy - Securing GET /css/student.css
2025-07-20 00:07:16 [http-nio-8080-exec-1] DEBUG o.s.security.web.FilterChainProxy - Securing GET /uploads/students/21072006095/profile.jpeg
2025-07-20 00:07:16 [http-nio-8080-exec-8] DEBUG o.s.security.web.FilterChainProxy - Securing GET /css/common.css
2025-07-20 00:07:16 [http-nio-8080-exec-3] DEBUG o.s.security.web.FilterChainProxy - Securing GET /css/sidebar.css
2025-07-20 00:07:16 [http-nio-8080-exec-2] DEBUG o.s.security.web.FilterChainProxy - Secured GET /js/sidebar.js
2025-07-20 00:07:16 [http-nio-8080-exec-8] DEBUG o.s.security.web.FilterChainProxy - Secured GET /css/common.css
2025-07-20 00:07:16 [http-nio-8080-exec-1] DEBUG o.s.security.web.FilterChainProxy - Secured GET /uploads/students/21072006095/profile.jpeg
2025-07-20 00:07:16 [http-nio-8080-exec-3] DEBUG o.s.security.web.FilterChainProxy - Secured GET /css/sidebar.css
2025-07-20 00:07:16 [http-nio-8080-exec-9] DEBUG o.s.security.web.FilterChainProxy - Secured GET /css/student.css
2025-07-20 00:07:16 [http-nio-8080-exec-2] DEBUG o.s.s.w.c.HttpSessionSecurityContextRepository - Retrieved SecurityContextImpl [Authentication=UsernamePasswordAuthenticationToken [Principal=com.tathanhloc.faceattendance.Security.CustomUserDetails@10b705c0, Credentials=[PROTECTED], Authenticated=true, Details=WebAuthenticationDetails [RemoteIpAddress=0:0:0:0:0:0:0:1, SessionId=3AC49FCD6C9529C424FBE42F6165DAB3], Granted Authorities=[ROLE_SINHVIEN]]]
2025-07-20 00:07:16 [http-nio-8080-exec-9] DEBUG o.s.s.w.c.HttpSessionSecurityContextRepository - Retrieved SecurityContextImpl [Authentication=UsernamePasswordAuthenticationToken [Principal=com.tathanhloc.faceattendance.Security.CustomUserDetails@10b705c0, Credentials=[PROTECTED], Authenticated=true, Details=WebAuthenticationDetails [RemoteIpAddress=0:0:0:0:0:0:0:1, SessionId=3AC49FCD6C9529C424FBE42F6165DAB3], Granted Authorities=[ROLE_SINHVIEN]]]
2025-07-20 00:07:16 [http-nio-8080-exec-3] DEBUG o.s.s.w.c.HttpSessionSecurityContextRepository - Retrieved SecurityContextImpl [Authentication=UsernamePasswordAuthenticationToken [Principal=com.tathanhloc.faceattendance.Security.CustomUserDetails@10b705c0, Credentials=[PROTECTED], Authenticated=true, Details=WebAuthenticationDetails [RemoteIpAddress=0:0:0:0:0:0:0:1, SessionId=3AC49FCD6C9529C424FBE42F6165DAB3], Granted Authorities=[ROLE_SINHVIEN]]]
2025-07-20 00:07:16 [http-nio-8080-exec-8] DEBUG o.s.s.w.c.HttpSessionSecurityContextRepository - Retrieved SecurityContextImpl [Authentication=UsernamePasswordAuthenticationToken [Principal=com.tathanhloc.faceattendance.Security.CustomUserDetails@10b705c0, Credentials=[PROTECTED], Authenticated=true, Details=WebAuthenticationDetails [RemoteIpAddress=0:0:0:0:0:0:0:1, SessionId=3AC49FCD6C9529C424FBE42F6165DAB3], Granted Authorities=[ROLE_SINHVIEN]]]
2025-07-20 00:07:16 [http-nio-8080-exec-1] DEBUG o.s.s.w.c.HttpSessionSecurityContextRepository - Retrieved SecurityContextImpl [Authentication=UsernamePasswordAuthenticationToken [Principal=com.tathanhloc.faceattendance.Security.CustomUserDetails@10b705c0, Credentials=[PROTECTED], Authenticated=true, Details=WebAuthenticationDetails [RemoteIpAddress=0:0:0:0:0:0:0:1, SessionId=3AC49FCD6C9529C424FBE42F6165DAB3], Granted Authorities=[ROLE_SINHVIEN]]]
2025-07-20 00:07:16 [http-nio-8080-exec-10] DEBUG o.s.security.web.FilterChainProxy - Securing GET /api/auth/me
2025-07-20 00:07:16 [http-nio-8080-exec-5] DEBUG o.s.security.web.FilterChainProxy - Securing GET /student/api/get-face-images
2025-07-20 00:07:16 [http-nio-8080-exec-10] DEBUG o.s.s.w.c.HttpSessionSecurityContextRepository - Retrieved SecurityContextImpl [Authentication=UsernamePasswordAuthenticationToken [Principal=com.tathanhloc.faceattendance.Security.CustomUserDetails@10b705c0, Credentials=[PROTECTED], Authenticated=true, Details=WebAuthenticationDetails [RemoteIpAddress=0:0:0:0:0:0:0:1, SessionId=3AC49FCD6C9529C424FBE42F6165DAB3], Granted Authorities=[ROLE_SINHVIEN]]]
2025-07-20 00:07:16 [http-nio-8080-exec-5] DEBUG o.s.s.w.c.HttpSessionSecurityContextRepository - Retrieved SecurityContextImpl [Authentication=UsernamePasswordAuthenticationToken [Principal=com.tathanhloc.faceattendance.Security.CustomUserDetails@10b705c0, Credentials=[PROTECTED], Authenticated=true, Details=WebAuthenticationDetails [RemoteIpAddress=0:0:0:0:0:0:0:1, SessionId=3AC49FCD6C9529C424FBE42F6165DAB3], Granted Authorities=[ROLE_SINHVIEN]]]
2025-07-20 00:07:16 [http-nio-8080-exec-10] DEBUG o.s.security.web.FilterChainProxy - Secured GET /api/auth/me
2025-07-20 00:07:16 [http-nio-8080-exec-5] DEBUG o.s.security.web.FilterChainProxy - Secured GET /student/api/get-face-images
2025-07-20 00:07:16 [http-nio-8080-exec-10] INFO  c.t.f.Controller.AuthController - Current user info requested: 21072006095
2025-07-20 00:07:16 [SimpleAsyncTaskExecutor-73] DEBUG org.hibernate.SQL - 
    insert 
    into
        system_log
        (action, created_at, duration_ms, entity_id, entity_type, error_details, ip_address, log_level, message, module, new_value, old_value, request_method, request_url, session_id, status, user_agent, user_id, user_name) 
    values
        (?, ?, ?, ?, ?, ?, ?, ?, ?, ?, ?, ?, ?, ?, ?, ?, ?, ?, ?)
2025-07-20 00:07:16 [SimpleAsyncTaskExecutor-74] DEBUG org.hibernate.SQL - 
    insert 
    into
        system_log
        (action, created_at, duration_ms, entity_id, entity_type, error_details, ip_address, log_level, message, module, new_value, old_value, request_method, request_url, session_id, status, user_agent, user_id, user_name) 
    values
        (?, ?, ?, ?, ?, ?, ?, ?, ?, ?, ?, ?, ?, ?, ?, ?, ?, ?, ?)
2025-07-20 00:07:16 [http-nio-8080-exec-9] DEBUG o.s.security.web.FilterChainProxy - Securing GET /uploads/students/21072006095/faces/face_4.jpeg
2025-07-20 00:07:16 [http-nio-8080-exec-4] DEBUG o.s.security.web.FilterChainProxy - Securing GET /uploads/students/21072006095/faces/face_1.jpeg
2025-07-20 00:07:16 [http-nio-8080-exec-7] DEBUG o.s.security.web.FilterChainProxy - Securing GET /uploads/students/21072006095/faces/face_3.jpeg
2025-07-20 00:07:16 [http-nio-8080-exec-6] DEBUG o.s.security.web.FilterChainProxy - Securing GET /uploads/students/21072006095/faces/face_2.jpeg
2025-07-20 00:07:16 [http-nio-8080-exec-2] DEBUG o.s.security.web.FilterChainProxy - Securing GET /uploads/students/21072006095/faces/face_5.jpeg
2025-07-20 00:07:16 [http-nio-8080-exec-7] DEBUG o.s.security.web.FilterChainProxy - Secured GET /uploads/students/21072006095/faces/face_3.jpeg
2025-07-20 00:07:16 [http-nio-8080-exec-4] DEBUG o.s.security.web.FilterChainProxy - Secured GET /uploads/students/21072006095/faces/face_1.jpeg
2025-07-20 00:07:16 [http-nio-8080-exec-9] DEBUG o.s.security.web.FilterChainProxy - Secured GET /uploads/students/21072006095/faces/face_4.jpeg
2025-07-20 00:07:16 [http-nio-8080-exec-6] DEBUG o.s.security.web.FilterChainProxy - Secured GET /uploads/students/21072006095/faces/face_2.jpeg
2025-07-20 00:07:16 [http-nio-8080-exec-2] DEBUG o.s.security.web.FilterChainProxy - Secured GET /uploads/students/21072006095/faces/face_5.jpeg
2025-07-20 00:07:16 [http-nio-8080-exec-4] DEBUG o.s.s.w.c.HttpSessionSecurityContextRepository - Retrieved SecurityContextImpl [Authentication=UsernamePasswordAuthenticationToken [Principal=com.tathanhloc.faceattendance.Security.CustomUserDetails@10b705c0, Credentials=[PROTECTED], Authenticated=true, Details=WebAuthenticationDetails [RemoteIpAddress=0:0:0:0:0:0:0:1, SessionId=3AC49FCD6C9529C424FBE42F6165DAB3], Granted Authorities=[ROLE_SINHVIEN]]]
2025-07-20 00:07:16 [http-nio-8080-exec-9] DEBUG o.s.s.w.c.HttpSessionSecurityContextRepository - Retrieved SecurityContextImpl [Authentication=UsernamePasswordAuthenticationToken [Principal=com.tathanhloc.faceattendance.Security.CustomUserDetails@10b705c0, Credentials=[PROTECTED], Authenticated=true, Details=WebAuthenticationDetails [RemoteIpAddress=0:0:0:0:0:0:0:1, SessionId=3AC49FCD6C9529C424FBE42F6165DAB3], Granted Authorities=[ROLE_SINHVIEN]]]
2025-07-20 00:07:16 [http-nio-8080-exec-6] DEBUG o.s.s.w.c.HttpSessionSecurityContextRepository - Retrieved SecurityContextImpl [Authentication=UsernamePasswordAuthenticationToken [Principal=com.tathanhloc.faceattendance.Security.CustomUserDetails@10b705c0, Credentials=[PROTECTED], Authenticated=true, Details=WebAuthenticationDetails [RemoteIpAddress=0:0:0:0:0:0:0:1, SessionId=3AC49FCD6C9529C424FBE42F6165DAB3], Granted Authorities=[ROLE_SINHVIEN]]]
2025-07-20 00:07:16 [http-nio-8080-exec-2] DEBUG o.s.s.w.c.HttpSessionSecurityContextRepository - Retrieved SecurityContextImpl [Authentication=UsernamePasswordAuthenticationToken [Principal=com.tathanhloc.faceattendance.Security.CustomUserDetails@10b705c0, Credentials=[PROTECTED], Authenticated=true, Details=WebAuthenticationDetails [RemoteIpAddress=0:0:0:0:0:0:0:1, SessionId=3AC49FCD6C9529C424FBE42F6165DAB3], Granted Authorities=[ROLE_SINHVIEN]]]
2025-07-20 00:07:16 [http-nio-8080-exec-7] DEBUG o.s.s.w.c.HttpSessionSecurityContextRepository - Retrieved SecurityContextImpl [Authentication=UsernamePasswordAuthenticationToken [Principal=com.tathanhloc.faceattendance.Security.CustomUserDetails@10b705c0, Credentials=[PROTECTED], Authenticated=true, Details=WebAuthenticationDetails [RemoteIpAddress=0:0:0:0:0:0:0:1, SessionId=3AC49FCD6C9529C424FBE42F6165DAB3], Granted Authorities=[ROLE_SINHVIEN]]]
2025-07-20 00:07:16 [http-nio-8080-exec-3] DEBUG o.s.security.web.FilterChainProxy - Securing GET /api/auth/me
2025-07-20 00:07:16 [http-nio-8080-exec-3] DEBUG o.s.s.w.c.HttpSessionSecurityContextRepository - Retrieved SecurityContextImpl [Authentication=UsernamePasswordAuthenticationToken [Principal=com.tathanhloc.faceattendance.Security.CustomUserDetails@10b705c0, Credentials=[PROTECTED], Authenticated=true, Details=WebAuthenticationDetails [RemoteIpAddress=0:0:0:0:0:0:0:1, SessionId=3AC49FCD6C9529C424FBE42F6165DAB3], Granted Authorities=[ROLE_SINHVIEN]]]
2025-07-20 00:07:16 [http-nio-8080-exec-3] DEBUG o.s.security.web.FilterChainProxy - Secured GET /api/auth/me
2025-07-20 00:07:16 [http-nio-8080-exec-3] INFO  c.t.f.Controller.AuthController - Current user info requested: 21072006095
2025-07-20 00:07:16 [SimpleAsyncTaskExecutor-75] DEBUG org.hibernate.SQL - 
    insert 
    into
        system_log
        (action, created_at, duration_ms, entity_id, entity_type, error_details, ip_address, log_level, message, module, new_value, old_value, request_method, request_url, session_id, status, user_agent, user_id, user_name) 
    values
        (?, ?, ?, ?, ?, ?, ?, ?, ?, ?, ?, ?, ?, ?, ?, ?, ?, ?, ?)
2025-07-20 00:07:20 [http-nio-8080-exec-8] DEBUG o.s.security.web.FilterChainProxy - Securing GET /student/profile
2025-07-20 00:07:20 [http-nio-8080-exec-8] DEBUG o.s.s.w.c.HttpSessionSecurityContextRepository - Retrieved SecurityContextImpl [Authentication=UsernamePasswordAuthenticationToken [Principal=com.tathanhloc.faceattendance.Security.CustomUserDetails@10b705c0, Credentials=[PROTECTED], Authenticated=true, Details=WebAuthenticationDetails [RemoteIpAddress=0:0:0:0:0:0:0:1, SessionId=3AC49FCD6C9529C424FBE42F6165DAB3], Granted Authorities=[ROLE_SINHVIEN]]]
2025-07-20 00:07:20 [http-nio-8080-exec-8] DEBUG o.s.security.web.FilterChainProxy - Secured GET /student/profile
2025-07-20 00:07:20 [SimpleAsyncTaskExecutor-76] DEBUG org.hibernate.SQL - 
    insert 
    into
        system_log
        (action, created_at, duration_ms, entity_id, entity_type, error_details, ip_address, log_level, message, module, new_value, old_value, request_method, request_url, session_id, status, user_agent, user_id, user_name) 
    values
        (?, ?, ?, ?, ?, ?, ?, ?, ?, ?, ?, ?, ?, ?, ?, ?, ?, ?, ?)
2025-07-20 00:07:20 [http-nio-8080-exec-7] DEBUG o.s.security.web.FilterChainProxy - Securing GET /js/sidebar.js
2025-07-20 00:07:20 [http-nio-8080-exec-10] DEBUG o.s.security.web.FilterChainProxy - Securing GET /css/sidebar.css
2025-07-20 00:07:20 [http-nio-8080-exec-5] DEBUG o.s.security.web.FilterChainProxy - Securing GET /css/student.css
2025-07-20 00:07:20 [http-nio-8080-exec-9] DEBUG o.s.security.web.FilterChainProxy - Securing GET /uploads/students/21072006095/profile.jpeg
2025-07-20 00:07:20 [http-nio-8080-exec-1] DEBUG o.s.security.web.FilterChainProxy - Securing GET /css/common.css
2025-07-20 00:07:20 [http-nio-8080-exec-7] DEBUG o.s.security.web.FilterChainProxy - Secured GET /js/sidebar.js
2025-07-20 00:07:20 [http-nio-8080-exec-10] DEBUG o.s.security.web.FilterChainProxy - Secured GET /css/sidebar.css
2025-07-20 00:07:20 [http-nio-8080-exec-1] DEBUG o.s.security.web.FilterChainProxy - Secured GET /css/common.css
2025-07-20 00:07:20 [http-nio-8080-exec-9] DEBUG o.s.security.web.FilterChainProxy - Secured GET /uploads/students/21072006095/profile.jpeg
2025-07-20 00:07:20 [http-nio-8080-exec-5] DEBUG o.s.security.web.FilterChainProxy - Secured GET /css/student.css
2025-07-20 00:07:20 [http-nio-8080-exec-5] DEBUG o.s.s.w.c.HttpSessionSecurityContextRepository - Retrieved SecurityContextImpl [Authentication=UsernamePasswordAuthenticationToken [Principal=com.tathanhloc.faceattendance.Security.CustomUserDetails@10b705c0, Credentials=[PROTECTED], Authenticated=true, Details=WebAuthenticationDetails [RemoteIpAddress=0:0:0:0:0:0:0:1, SessionId=3AC49FCD6C9529C424FBE42F6165DAB3], Granted Authorities=[ROLE_SINHVIEN]]]
2025-07-20 00:07:20 [http-nio-8080-exec-9] DEBUG o.s.s.w.c.HttpSessionSecurityContextRepository - Retrieved SecurityContextImpl [Authentication=UsernamePasswordAuthenticationToken [Principal=com.tathanhloc.faceattendance.Security.CustomUserDetails@10b705c0, Credentials=[PROTECTED], Authenticated=true, Details=WebAuthenticationDetails [RemoteIpAddress=0:0:0:0:0:0:0:1, SessionId=3AC49FCD6C9529C424FBE42F6165DAB3], Granted Authorities=[ROLE_SINHVIEN]]]
2025-07-20 00:07:20 [http-nio-8080-exec-7] DEBUG o.s.s.w.c.HttpSessionSecurityContextRepository - Retrieved SecurityContextImpl [Authentication=UsernamePasswordAuthenticationToken [Principal=com.tathanhloc.faceattendance.Security.CustomUserDetails@10b705c0, Credentials=[PROTECTED], Authenticated=true, Details=WebAuthenticationDetails [RemoteIpAddress=0:0:0:0:0:0:0:1, SessionId=3AC49FCD6C9529C424FBE42F6165DAB3], Granted Authorities=[ROLE_SINHVIEN]]]
2025-07-20 00:07:20 [http-nio-8080-exec-1] DEBUG o.s.s.w.c.HttpSessionSecurityContextRepository - Retrieved SecurityContextImpl [Authentication=UsernamePasswordAuthenticationToken [Principal=com.tathanhloc.faceattendance.Security.CustomUserDetails@10b705c0, Credentials=[PROTECTED], Authenticated=true, Details=WebAuthenticationDetails [RemoteIpAddress=0:0:0:0:0:0:0:1, SessionId=3AC49FCD6C9529C424FBE42F6165DAB3], Granted Authorities=[ROLE_SINHVIEN]]]
2025-07-20 00:07:20 [http-nio-8080-exec-10] DEBUG o.s.s.w.c.HttpSessionSecurityContextRepository - Retrieved SecurityContextImpl [Authentication=UsernamePasswordAuthenticationToken [Principal=com.tathanhloc.faceattendance.Security.CustomUserDetails@10b705c0, Credentials=[PROTECTED], Authenticated=true, Details=WebAuthenticationDetails [RemoteIpAddress=0:0:0:0:0:0:0:1, SessionId=3AC49FCD6C9529C424FBE42F6165DAB3], Granted Authorities=[ROLE_SINHVIEN]]]
2025-07-20 00:07:20 [http-nio-8080-exec-2] DEBUG o.s.security.web.FilterChainProxy - Securing GET /student/api/get-face-images
2025-07-20 00:07:20 [http-nio-8080-exec-4] DEBUG o.s.security.web.FilterChainProxy - Securing GET /api/auth/me
2025-07-20 00:07:20 [http-nio-8080-exec-2] DEBUG o.s.s.w.c.HttpSessionSecurityContextRepository - Retrieved SecurityContextImpl [Authentication=UsernamePasswordAuthenticationToken [Principal=com.tathanhloc.faceattendance.Security.CustomUserDetails@10b705c0, Credentials=[PROTECTED], Authenticated=true, Details=WebAuthenticationDetails [RemoteIpAddress=0:0:0:0:0:0:0:1, SessionId=3AC49FCD6C9529C424FBE42F6165DAB3], Granted Authorities=[ROLE_SINHVIEN]]]
2025-07-20 00:07:20 [http-nio-8080-exec-4] DEBUG o.s.s.w.c.HttpSessionSecurityContextRepository - Retrieved SecurityContextImpl [Authentication=UsernamePasswordAuthenticationToken [Principal=com.tathanhloc.faceattendance.Security.CustomUserDetails@10b705c0, Credentials=[PROTECTED], Authenticated=true, Details=WebAuthenticationDetails [RemoteIpAddress=0:0:0:0:0:0:0:1, SessionId=3AC49FCD6C9529C424FBE42F6165DAB3], Granted Authorities=[ROLE_SINHVIEN]]]
2025-07-20 00:07:20 [http-nio-8080-exec-4] DEBUG o.s.security.web.FilterChainProxy - Secured GET /api/auth/me
2025-07-20 00:07:20 [http-nio-8080-exec-2] DEBUG o.s.security.web.FilterChainProxy - Secured GET /student/api/get-face-images
2025-07-20 00:07:20 [http-nio-8080-exec-4] INFO  c.t.f.Controller.AuthController - Current user info requested: 21072006095
2025-07-20 00:07:20 [SimpleAsyncTaskExecutor-77] DEBUG org.hibernate.SQL - 
    insert 
    into
        system_log
        (action, created_at, duration_ms, entity_id, entity_type, error_details, ip_address, log_level, message, module, new_value, old_value, request_method, request_url, session_id, status, user_agent, user_id, user_name) 
    values
        (?, ?, ?, ?, ?, ?, ?, ?, ?, ?, ?, ?, ?, ?, ?, ?, ?, ?, ?)
2025-07-20 00:07:20 [SimpleAsyncTaskExecutor-78] DEBUG org.hibernate.SQL - 
    insert 
    into
        system_log
        (action, created_at, duration_ms, entity_id, entity_type, error_details, ip_address, log_level, message, module, new_value, old_value, request_method, request_url, session_id, status, user_agent, user_id, user_name) 
    values
        (?, ?, ?, ?, ?, ?, ?, ?, ?, ?, ?, ?, ?, ?, ?, ?, ?, ?, ?)
2025-07-20 00:07:20 [http-nio-8080-exec-5] DEBUG o.s.security.web.FilterChainProxy - Securing GET /uploads/students/21072006095/faces/face_5.jpeg
2025-07-20 00:07:20 [http-nio-8080-exec-7] DEBUG o.s.security.web.FilterChainProxy - Securing GET /uploads/students/21072006095/faces/face_4.jpeg
2025-07-20 00:07:20 [http-nio-8080-exec-6] DEBUG o.s.security.web.FilterChainProxy - Securing GET /uploads/students/21072006095/faces/face_1.jpeg
2025-07-20 00:07:20 [http-nio-8080-exec-8] DEBUG o.s.security.web.FilterChainProxy - Securing GET /uploads/students/21072006095/faces/face_3.jpeg
2025-07-20 00:07:20 [http-nio-8080-exec-3] DEBUG o.s.security.web.FilterChainProxy - Securing GET /uploads/students/21072006095/faces/face_2.jpeg
2025-07-20 00:07:20 [http-nio-8080-exec-5] DEBUG o.s.security.web.FilterChainProxy - Secured GET /uploads/students/21072006095/faces/face_5.jpeg
2025-07-20 00:07:20 [http-nio-8080-exec-7] DEBUG o.s.security.web.FilterChainProxy - Secured GET /uploads/students/21072006095/faces/face_4.jpeg
2025-07-20 00:07:20 [http-nio-8080-exec-3] DEBUG o.s.security.web.FilterChainProxy - Secured GET /uploads/students/21072006095/faces/face_2.jpeg
2025-07-20 00:07:20 [http-nio-8080-exec-8] DEBUG o.s.security.web.FilterChainProxy - Secured GET /uploads/students/21072006095/faces/face_3.jpeg
2025-07-20 00:07:20 [http-nio-8080-exec-6] DEBUG o.s.security.web.FilterChainProxy - Secured GET /uploads/students/21072006095/faces/face_1.jpeg
2025-07-20 00:07:20 [http-nio-8080-exec-6] DEBUG o.s.s.w.c.HttpSessionSecurityContextRepository - Retrieved SecurityContextImpl [Authentication=UsernamePasswordAuthenticationToken [Principal=com.tathanhloc.faceattendance.Security.CustomUserDetails@10b705c0, Credentials=[PROTECTED], Authenticated=true, Details=WebAuthenticationDetails [RemoteIpAddress=0:0:0:0:0:0:0:1, SessionId=3AC49FCD6C9529C424FBE42F6165DAB3], Granted Authorities=[ROLE_SINHVIEN]]]
2025-07-20 00:07:20 [http-nio-8080-exec-8] DEBUG o.s.s.w.c.HttpSessionSecurityContextRepository - Retrieved SecurityContextImpl [Authentication=UsernamePasswordAuthenticationToken [Principal=com.tathanhloc.faceattendance.Security.CustomUserDetails@10b705c0, Credentials=[PROTECTED], Authenticated=true, Details=WebAuthenticationDetails [RemoteIpAddress=0:0:0:0:0:0:0:1, SessionId=3AC49FCD6C9529C424FBE42F6165DAB3], Granted Authorities=[ROLE_SINHVIEN]]]
2025-07-20 00:07:20 [http-nio-8080-exec-3] DEBUG o.s.s.w.c.HttpSessionSecurityContextRepository - Retrieved SecurityContextImpl [Authentication=UsernamePasswordAuthenticationToken [Principal=com.tathanhloc.faceattendance.Security.CustomUserDetails@10b705c0, Credentials=[PROTECTED], Authenticated=true, Details=WebAuthenticationDetails [RemoteIpAddress=0:0:0:0:0:0:0:1, SessionId=3AC49FCD6C9529C424FBE42F6165DAB3], Granted Authorities=[ROLE_SINHVIEN]]]
2025-07-20 00:07:20 [http-nio-8080-exec-5] DEBUG o.s.s.w.c.HttpSessionSecurityContextRepository - Retrieved SecurityContextImpl [Authentication=UsernamePasswordAuthenticationToken [Principal=com.tathanhloc.faceattendance.Security.CustomUserDetails@10b705c0, Credentials=[PROTECTED], Authenticated=true, Details=WebAuthenticationDetails [RemoteIpAddress=0:0:0:0:0:0:0:1, SessionId=3AC49FCD6C9529C424FBE42F6165DAB3], Granted Authorities=[ROLE_SINHVIEN]]]
2025-07-20 00:07:20 [http-nio-8080-exec-7] DEBUG o.s.s.w.c.HttpSessionSecurityContextRepository - Retrieved SecurityContextImpl [Authentication=UsernamePasswordAuthenticationToken [Principal=com.tathanhloc.faceattendance.Security.CustomUserDetails@10b705c0, Credentials=[PROTECTED], Authenticated=true, Details=WebAuthenticationDetails [RemoteIpAddress=0:0:0:0:0:0:0:1, SessionId=3AC49FCD6C9529C424FBE42F6165DAB3], Granted Authorities=[ROLE_SINHVIEN]]]
2025-07-20 00:07:20 [http-nio-8080-exec-9] DEBUG o.s.security.web.FilterChainProxy - Securing GET /api/auth/me
2025-07-20 00:07:20 [http-nio-8080-exec-9] DEBUG o.s.s.w.c.HttpSessionSecurityContextRepository - Retrieved SecurityContextImpl [Authentication=UsernamePasswordAuthenticationToken [Principal=com.tathanhloc.faceattendance.Security.CustomUserDetails@10b705c0, Credentials=[PROTECTED], Authenticated=true, Details=WebAuthenticationDetails [RemoteIpAddress=0:0:0:0:0:0:0:1, SessionId=3AC49FCD6C9529C424FBE42F6165DAB3], Granted Authorities=[ROLE_SINHVIEN]]]
2025-07-20 00:07:20 [http-nio-8080-exec-9] DEBUG o.s.security.web.FilterChainProxy - Secured GET /api/auth/me
2025-07-20 00:07:20 [http-nio-8080-exec-9] INFO  c.t.f.Controller.AuthController - Current user info requested: 21072006095
2025-07-20 00:07:20 [SimpleAsyncTaskExecutor-79] DEBUG org.hibernate.SQL - 
    insert 
    into
        system_log
        (action, created_at, duration_ms, entity_id, entity_type, error_details, ip_address, log_level, message, module, new_value, old_value, request_method, request_url, session_id, status, user_agent, user_id, user_name) 
    values
        (?, ?, ?, ?, ?, ?, ?, ?, ?, ?, ?, ?, ?, ?, ?, ?, ?, ?, ?)
2025-07-20 00:07:32 [http-nio-8080-exec-1] DEBUG o.s.security.web.FilterChainProxy - Securing GET /student/profile
2025-07-20 00:07:32 [http-nio-8080-exec-1] DEBUG o.s.s.w.c.HttpSessionSecurityContextRepository - Retrieved SecurityContextImpl [Authentication=UsernamePasswordAuthenticationToken [Principal=com.tathanhloc.faceattendance.Security.CustomUserDetails@10b705c0, Credentials=[PROTECTED], Authenticated=true, Details=WebAuthenticationDetails [RemoteIpAddress=0:0:0:0:0:0:0:1, SessionId=3AC49FCD6C9529C424FBE42F6165DAB3], Granted Authorities=[ROLE_SINHVIEN]]]
2025-07-20 00:07:32 [http-nio-8080-exec-1] DEBUG o.s.security.web.FilterChainProxy - Secured GET /student/profile
2025-07-20 00:07:32 [SimpleAsyncTaskExecutor-80] DEBUG org.hibernate.SQL - 
    insert 
    into
        system_log
        (action, created_at, duration_ms, entity_id, entity_type, error_details, ip_address, log_level, message, module, new_value, old_value, request_method, request_url, session_id, status, user_agent, user_id, user_name) 
    values
        (?, ?, ?, ?, ?, ?, ?, ?, ?, ?, ?, ?, ?, ?, ?, ?, ?, ?, ?)
2025-07-20 00:07:32 [http-nio-8080-exec-3] DEBUG o.s.security.web.FilterChainProxy - Securing GET /uploads/students/21072006095/profile.jpeg
2025-07-20 00:07:32 [http-nio-8080-exec-2] DEBUG o.s.security.web.FilterChainProxy - Securing GET /css/student.css
2025-07-20 00:07:32 [http-nio-8080-exec-6] DEBUG o.s.security.web.FilterChainProxy - Securing GET /js/sidebar.js
2025-07-20 00:07:32 [http-nio-8080-exec-10] DEBUG o.s.security.web.FilterChainProxy - Securing GET /css/common.css
2025-07-20 00:07:32 [http-nio-8080-exec-4] DEBUG o.s.security.web.FilterChainProxy - Securing GET /css/sidebar.css
2025-07-20 00:07:32 [http-nio-8080-exec-2] DEBUG o.s.security.web.FilterChainProxy - Secured GET /css/student.css
2025-07-20 00:07:32 [http-nio-8080-exec-4] DEBUG o.s.security.web.FilterChainProxy - Secured GET /css/sidebar.css
2025-07-20 00:07:32 [http-nio-8080-exec-10] DEBUG o.s.security.web.FilterChainProxy - Secured GET /css/common.css
2025-07-20 00:07:32 [http-nio-8080-exec-6] DEBUG o.s.security.web.FilterChainProxy - Secured GET /js/sidebar.js
2025-07-20 00:07:32 [http-nio-8080-exec-3] DEBUG o.s.security.web.FilterChainProxy - Secured GET /uploads/students/21072006095/profile.jpeg
2025-07-20 00:07:32 [http-nio-8080-exec-4] DEBUG o.s.s.w.c.HttpSessionSecurityContextRepository - Retrieved SecurityContextImpl [Authentication=UsernamePasswordAuthenticationToken [Principal=com.tathanhloc.faceattendance.Security.CustomUserDetails@10b705c0, Credentials=[PROTECTED], Authenticated=true, Details=WebAuthenticationDetails [RemoteIpAddress=0:0:0:0:0:0:0:1, SessionId=3AC49FCD6C9529C424FBE42F6165DAB3], Granted Authorities=[ROLE_SINHVIEN]]]
2025-07-20 00:07:32 [http-nio-8080-exec-6] DEBUG o.s.s.w.c.HttpSessionSecurityContextRepository - Retrieved SecurityContextImpl [Authentication=UsernamePasswordAuthenticationToken [Principal=com.tathanhloc.faceattendance.Security.CustomUserDetails@10b705c0, Credentials=[PROTECTED], Authenticated=true, Details=WebAuthenticationDetails [RemoteIpAddress=0:0:0:0:0:0:0:1, SessionId=3AC49FCD6C9529C424FBE42F6165DAB3], Granted Authorities=[ROLE_SINHVIEN]]]
2025-07-20 00:07:32 [http-nio-8080-exec-10] DEBUG o.s.s.w.c.HttpSessionSecurityContextRepository - Retrieved SecurityContextImpl [Authentication=UsernamePasswordAuthenticationToken [Principal=com.tathanhloc.faceattendance.Security.CustomUserDetails@10b705c0, Credentials=[PROTECTED], Authenticated=true, Details=WebAuthenticationDetails [RemoteIpAddress=0:0:0:0:0:0:0:1, SessionId=3AC49FCD6C9529C424FBE42F6165DAB3], Granted Authorities=[ROLE_SINHVIEN]]]
2025-07-20 00:07:32 [http-nio-8080-exec-2] DEBUG o.s.s.w.c.HttpSessionSecurityContextRepository - Retrieved SecurityContextImpl [Authentication=UsernamePasswordAuthenticationToken [Principal=com.tathanhloc.faceattendance.Security.CustomUserDetails@10b705c0, Credentials=[PROTECTED], Authenticated=true, Details=WebAuthenticationDetails [RemoteIpAddress=0:0:0:0:0:0:0:1, SessionId=3AC49FCD6C9529C424FBE42F6165DAB3], Granted Authorities=[ROLE_SINHVIEN]]]
2025-07-20 00:07:32 [http-nio-8080-exec-3] DEBUG o.s.s.w.c.HttpSessionSecurityContextRepository - Retrieved SecurityContextImpl [Authentication=UsernamePasswordAuthenticationToken [Principal=com.tathanhloc.faceattendance.Security.CustomUserDetails@10b705c0, Credentials=[PROTECTED], Authenticated=true, Details=WebAuthenticationDetails [RemoteIpAddress=0:0:0:0:0:0:0:1, SessionId=3AC49FCD6C9529C424FBE42F6165DAB3], Granted Authorities=[ROLE_SINHVIEN]]]
2025-07-20 00:07:32 [http-nio-8080-exec-5] DEBUG o.s.security.web.FilterChainProxy - Securing GET /api/auth/me
2025-07-20 00:07:32 [http-nio-8080-exec-8] DEBUG o.s.security.web.FilterChainProxy - Securing GET /student/api/get-face-images
2025-07-20 00:07:32 [http-nio-8080-exec-5] DEBUG o.s.s.w.c.HttpSessionSecurityContextRepository - Retrieved SecurityContextImpl [Authentication=UsernamePasswordAuthenticationToken [Principal=com.tathanhloc.faceattendance.Security.CustomUserDetails@10b705c0, Credentials=[PROTECTED], Authenticated=true, Details=WebAuthenticationDetails [RemoteIpAddress=0:0:0:0:0:0:0:1, SessionId=3AC49FCD6C9529C424FBE42F6165DAB3], Granted Authorities=[ROLE_SINHVIEN]]]
2025-07-20 00:07:32 [http-nio-8080-exec-8] DEBUG o.s.s.w.c.HttpSessionSecurityContextRepository - Retrieved SecurityContextImpl [Authentication=UsernamePasswordAuthenticationToken [Principal=com.tathanhloc.faceattendance.Security.CustomUserDetails@10b705c0, Credentials=[PROTECTED], Authenticated=true, Details=WebAuthenticationDetails [RemoteIpAddress=0:0:0:0:0:0:0:1, SessionId=3AC49FCD6C9529C424FBE42F6165DAB3], Granted Authorities=[ROLE_SINHVIEN]]]
2025-07-20 00:07:32 [http-nio-8080-exec-5] DEBUG o.s.security.web.FilterChainProxy - Secured GET /api/auth/me
2025-07-20 00:07:32 [http-nio-8080-exec-8] DEBUG o.s.security.web.FilterChainProxy - Secured GET /student/api/get-face-images
2025-07-20 00:07:32 [http-nio-8080-exec-5] INFO  c.t.f.Controller.AuthController - Current user info requested: 21072006095
2025-07-20 00:07:32 [SimpleAsyncTaskExecutor-82] DEBUG org.hibernate.SQL - 
    insert 
    into
        system_log
        (action, created_at, duration_ms, entity_id, entity_type, error_details, ip_address, log_level, message, module, new_value, old_value, request_method, request_url, session_id, status, user_agent, user_id, user_name) 
    values
        (?, ?, ?, ?, ?, ?, ?, ?, ?, ?, ?, ?, ?, ?, ?, ?, ?, ?, ?)
2025-07-20 00:07:32 [SimpleAsyncTaskExecutor-81] DEBUG org.hibernate.SQL - 
    insert 
    into
        system_log
        (action, created_at, duration_ms, entity_id, entity_type, error_details, ip_address, log_level, message, module, new_value, old_value, request_method, request_url, session_id, status, user_agent, user_id, user_name) 
    values
        (?, ?, ?, ?, ?, ?, ?, ?, ?, ?, ?, ?, ?, ?, ?, ?, ?, ?, ?)
2025-07-20 00:07:32 [http-nio-8080-exec-3] DEBUG o.s.security.web.FilterChainProxy - Securing GET /uploads/students/21072006095/faces/face_4.jpeg
2025-07-20 00:07:32 [http-nio-8080-exec-7] DEBUG o.s.security.web.FilterChainProxy - Securing GET /uploads/students/21072006095/faces/face_1.jpeg
2025-07-20 00:07:32 [http-nio-8080-exec-9] DEBUG o.s.security.web.FilterChainProxy - Securing GET /uploads/students/21072006095/faces/face_2.jpeg
2025-07-20 00:07:32 [http-nio-8080-exec-1] DEBUG o.s.security.web.FilterChainProxy - Securing GET /uploads/students/21072006095/faces/face_3.jpeg
2025-07-20 00:07:32 [http-nio-8080-exec-3] DEBUG o.s.security.web.FilterChainProxy - Secured GET /uploads/students/21072006095/faces/face_4.jpeg
2025-07-20 00:07:32 [http-nio-8080-exec-7] DEBUG o.s.security.web.FilterChainProxy - Secured GET /uploads/students/21072006095/faces/face_1.jpeg
2025-07-20 00:07:32 [http-nio-8080-exec-1] DEBUG o.s.security.web.FilterChainProxy - Secured GET /uploads/students/21072006095/faces/face_3.jpeg
2025-07-20 00:07:32 [http-nio-8080-exec-10] DEBUG o.s.security.web.FilterChainProxy - Securing GET /uploads/students/21072006095/faces/face_5.jpeg
2025-07-20 00:07:32 [http-nio-8080-exec-9] DEBUG o.s.security.web.FilterChainProxy - Secured GET /uploads/students/21072006095/faces/face_2.jpeg
2025-07-20 00:07:32 [http-nio-8080-exec-10] DEBUG o.s.security.web.FilterChainProxy - Secured GET /uploads/students/21072006095/faces/face_5.jpeg
2025-07-20 00:07:32 [http-nio-8080-exec-9] DEBUG o.s.s.w.c.HttpSessionSecurityContextRepository - Retrieved SecurityContextImpl [Authentication=UsernamePasswordAuthenticationToken [Principal=com.tathanhloc.faceattendance.Security.CustomUserDetails@10b705c0, Credentials=[PROTECTED], Authenticated=true, Details=WebAuthenticationDetails [RemoteIpAddress=0:0:0:0:0:0:0:1, SessionId=3AC49FCD6C9529C424FBE42F6165DAB3], Granted Authorities=[ROLE_SINHVIEN]]]
2025-07-20 00:07:32 [http-nio-8080-exec-1] DEBUG o.s.s.w.c.HttpSessionSecurityContextRepository - Retrieved SecurityContextImpl [Authentication=UsernamePasswordAuthenticationToken [Principal=com.tathanhloc.faceattendance.Security.CustomUserDetails@10b705c0, Credentials=[PROTECTED], Authenticated=true, Details=WebAuthenticationDetails [RemoteIpAddress=0:0:0:0:0:0:0:1, SessionId=3AC49FCD6C9529C424FBE42F6165DAB3], Granted Authorities=[ROLE_SINHVIEN]]]
2025-07-20 00:07:32 [http-nio-8080-exec-7] DEBUG o.s.s.w.c.HttpSessionSecurityContextRepository - Retrieved SecurityContextImpl [Authentication=UsernamePasswordAuthenticationToken [Principal=com.tathanhloc.faceattendance.Security.CustomUserDetails@10b705c0, Credentials=[PROTECTED], Authenticated=true, Details=WebAuthenticationDetails [RemoteIpAddress=0:0:0:0:0:0:0:1, SessionId=3AC49FCD6C9529C424FBE42F6165DAB3], Granted Authorities=[ROLE_SINHVIEN]]]
2025-07-20 00:07:32 [http-nio-8080-exec-10] DEBUG o.s.s.w.c.HttpSessionSecurityContextRepository - Retrieved SecurityContextImpl [Authentication=UsernamePasswordAuthenticationToken [Principal=com.tathanhloc.faceattendance.Security.CustomUserDetails@10b705c0, Credentials=[PROTECTED], Authenticated=true, Details=WebAuthenticationDetails [RemoteIpAddress=0:0:0:0:0:0:0:1, SessionId=3AC49FCD6C9529C424FBE42F6165DAB3], Granted Authorities=[ROLE_SINHVIEN]]]
2025-07-20 00:07:32 [http-nio-8080-exec-3] DEBUG o.s.s.w.c.HttpSessionSecurityContextRepository - Retrieved SecurityContextImpl [Authentication=UsernamePasswordAuthenticationToken [Principal=com.tathanhloc.faceattendance.Security.CustomUserDetails@10b705c0, Credentials=[PROTECTED], Authenticated=true, Details=WebAuthenticationDetails [RemoteIpAddress=0:0:0:0:0:0:0:1, SessionId=3AC49FCD6C9529C424FBE42F6165DAB3], Granted Authorities=[ROLE_SINHVIEN]]]
2025-07-20 00:07:32 [http-nio-8080-exec-2] DEBUG o.s.security.web.FilterChainProxy - Securing GET /api/auth/me
2025-07-20 00:07:32 [http-nio-8080-exec-2] DEBUG o.s.s.w.c.HttpSessionSecurityContextRepository - Retrieved SecurityContextImpl [Authentication=UsernamePasswordAuthenticationToken [Principal=com.tathanhloc.faceattendance.Security.CustomUserDetails@10b705c0, Credentials=[PROTECTED], Authenticated=true, Details=WebAuthenticationDetails [RemoteIpAddress=0:0:0:0:0:0:0:1, SessionId=3AC49FCD6C9529C424FBE42F6165DAB3], Granted Authorities=[ROLE_SINHVIEN]]]
2025-07-20 00:07:32 [http-nio-8080-exec-2] DEBUG o.s.security.web.FilterChainProxy - Secured GET /api/auth/me
2025-07-20 00:07:32 [http-nio-8080-exec-2] INFO  c.t.f.Controller.AuthController - Current user info requested: 21072006095
2025-07-20 00:07:32 [SimpleAsyncTaskExecutor-83] DEBUG org.hibernate.SQL - 
    insert 
    into
        system_log
        (action, created_at, duration_ms, entity_id, entity_type, error_details, ip_address, log_level, message, module, new_value, old_value, request_method, request_url, session_id, status, user_agent, user_id, user_name) 
    values
        (?, ?, ?, ?, ?, ?, ?, ?, ?, ?, ?, ?, ?, ?, ?, ?, ?, ?, ?)
2025-07-20 00:07:33 [http-nio-8080-exec-6] DEBUG o.s.security.web.FilterChainProxy - Securing GET /student/profile
2025-07-20 00:07:33 [http-nio-8080-exec-6] DEBUG o.s.s.w.c.HttpSessionSecurityContextRepository - Retrieved SecurityContextImpl [Authentication=UsernamePasswordAuthenticationToken [Principal=com.tathanhloc.faceattendance.Security.CustomUserDetails@10b705c0, Credentials=[PROTECTED], Authenticated=true, Details=WebAuthenticationDetails [RemoteIpAddress=0:0:0:0:0:0:0:1, SessionId=3AC49FCD6C9529C424FBE42F6165DAB3], Granted Authorities=[ROLE_SINHVIEN]]]
2025-07-20 00:07:33 [http-nio-8080-exec-6] DEBUG o.s.security.web.FilterChainProxy - Secured GET /student/profile
2025-07-20 00:07:33 [SimpleAsyncTaskExecutor-84] DEBUG org.hibernate.SQL - 
    insert 
    into
        system_log
        (action, created_at, duration_ms, entity_id, entity_type, error_details, ip_address, log_level, message, module, new_value, old_value, request_method, request_url, session_id, status, user_agent, user_id, user_name) 
    values
        (?, ?, ?, ?, ?, ?, ?, ?, ?, ?, ?, ?, ?, ?, ?, ?, ?, ?, ?)
2025-07-20 00:07:33 [http-nio-8080-exec-5] DEBUG o.s.security.web.FilterChainProxy - Securing GET /css/student.css
2025-07-20 00:07:33 [http-nio-8080-exec-7] DEBUG o.s.security.web.FilterChainProxy - Securing GET /js/sidebar.js
2025-07-20 00:07:33 [http-nio-8080-exec-4] DEBUG o.s.security.web.FilterChainProxy - Securing GET /css/common.css
2025-07-20 00:07:33 [http-nio-8080-exec-8] DEBUG o.s.security.web.FilterChainProxy - Securing GET /css/sidebar.css
2025-07-20 00:07:33 [http-nio-8080-exec-9] DEBUG o.s.security.web.FilterChainProxy - Securing GET /uploads/students/21072006095/profile.jpeg
2025-07-20 00:07:33 [http-nio-8080-exec-5] DEBUG o.s.security.web.FilterChainProxy - Secured GET /css/student.css
2025-07-20 00:07:33 [http-nio-8080-exec-9] DEBUG o.s.security.web.FilterChainProxy - Secured GET /uploads/students/21072006095/profile.jpeg
2025-07-20 00:07:33 [http-nio-8080-exec-4] DEBUG o.s.security.web.FilterChainProxy - Secured GET /css/common.css
2025-07-20 00:07:33 [http-nio-8080-exec-7] DEBUG o.s.security.web.FilterChainProxy - Secured GET /js/sidebar.js
2025-07-20 00:07:33 [http-nio-8080-exec-8] DEBUG o.s.security.web.FilterChainProxy - Secured GET /css/sidebar.css
2025-07-20 00:07:33 [http-nio-8080-exec-7] DEBUG o.s.s.w.c.HttpSessionSecurityContextRepository - Retrieved SecurityContextImpl [Authentication=UsernamePasswordAuthenticationToken [Principal=com.tathanhloc.faceattendance.Security.CustomUserDetails@10b705c0, Credentials=[PROTECTED], Authenticated=true, Details=WebAuthenticationDetails [RemoteIpAddress=0:0:0:0:0:0:0:1, SessionId=3AC49FCD6C9529C424FBE42F6165DAB3], Granted Authorities=[ROLE_SINHVIEN]]]
2025-07-20 00:07:33 [http-nio-8080-exec-5] DEBUG o.s.s.w.c.HttpSessionSecurityContextRepository - Retrieved SecurityContextImpl [Authentication=UsernamePasswordAuthenticationToken [Principal=com.tathanhloc.faceattendance.Security.CustomUserDetails@10b705c0, Credentials=[PROTECTED], Authenticated=true, Details=WebAuthenticationDetails [RemoteIpAddress=0:0:0:0:0:0:0:1, SessionId=3AC49FCD6C9529C424FBE42F6165DAB3], Granted Authorities=[ROLE_SINHVIEN]]]
2025-07-20 00:07:33 [http-nio-8080-exec-8] DEBUG o.s.s.w.c.HttpSessionSecurityContextRepository - Retrieved SecurityContextImpl [Authentication=UsernamePasswordAuthenticationToken [Principal=com.tathanhloc.faceattendance.Security.CustomUserDetails@10b705c0, Credentials=[PROTECTED], Authenticated=true, Details=WebAuthenticationDetails [RemoteIpAddress=0:0:0:0:0:0:0:1, SessionId=3AC49FCD6C9529C424FBE42F6165DAB3], Granted Authorities=[ROLE_SINHVIEN]]]
2025-07-20 00:07:33 [http-nio-8080-exec-4] DEBUG o.s.s.w.c.HttpSessionSecurityContextRepository - Retrieved SecurityContextImpl [Authentication=UsernamePasswordAuthenticationToken [Principal=com.tathanhloc.faceattendance.Security.CustomUserDetails@10b705c0, Credentials=[PROTECTED], Authenticated=true, Details=WebAuthenticationDetails [RemoteIpAddress=0:0:0:0:0:0:0:1, SessionId=3AC49FCD6C9529C424FBE42F6165DAB3], Granted Authorities=[ROLE_SINHVIEN]]]
2025-07-20 00:07:33 [http-nio-8080-exec-9] DEBUG o.s.s.w.c.HttpSessionSecurityContextRepository - Retrieved SecurityContextImpl [Authentication=UsernamePasswordAuthenticationToken [Principal=com.tathanhloc.faceattendance.Security.CustomUserDetails@10b705c0, Credentials=[PROTECTED], Authenticated=true, Details=WebAuthenticationDetails [RemoteIpAddress=0:0:0:0:0:0:0:1, SessionId=3AC49FCD6C9529C424FBE42F6165DAB3], Granted Authorities=[ROLE_SINHVIEN]]]
2025-07-20 00:07:33 [http-nio-8080-exec-3] DEBUG o.s.security.web.FilterChainProxy - Securing GET /student/api/get-face-images
2025-07-20 00:07:33 [http-nio-8080-exec-1] DEBUG o.s.security.web.FilterChainProxy - Securing GET /api/auth/me
2025-07-20 00:07:33 [http-nio-8080-exec-1] DEBUG o.s.s.w.c.HttpSessionSecurityContextRepository - Retrieved SecurityContextImpl [Authentication=UsernamePasswordAuthenticationToken [Principal=com.tathanhloc.faceattendance.Security.CustomUserDetails@10b705c0, Credentials=[PROTECTED], Authenticated=true, Details=WebAuthenticationDetails [RemoteIpAddress=0:0:0:0:0:0:0:1, SessionId=3AC49FCD6C9529C424FBE42F6165DAB3], Granted Authorities=[ROLE_SINHVIEN]]]
2025-07-20 00:07:33 [http-nio-8080-exec-3] DEBUG o.s.s.w.c.HttpSessionSecurityContextRepository - Retrieved SecurityContextImpl [Authentication=UsernamePasswordAuthenticationToken [Principal=com.tathanhloc.faceattendance.Security.CustomUserDetails@10b705c0, Credentials=[PROTECTED], Authenticated=true, Details=WebAuthenticationDetails [RemoteIpAddress=0:0:0:0:0:0:0:1, SessionId=3AC49FCD6C9529C424FBE42F6165DAB3], Granted Authorities=[ROLE_SINHVIEN]]]
2025-07-20 00:07:33 [http-nio-8080-exec-1] DEBUG o.s.security.web.FilterChainProxy - Secured GET /api/auth/me
2025-07-20 00:07:33 [http-nio-8080-exec-3] DEBUG o.s.security.web.FilterChainProxy - Secured GET /student/api/get-face-images
2025-07-20 00:07:33 [http-nio-8080-exec-1] INFO  c.t.f.Controller.AuthController - Current user info requested: 21072006095
2025-07-20 00:07:33 [SimpleAsyncTaskExecutor-85] DEBUG org.hibernate.SQL - 
    insert 
    into
        system_log
        (action, created_at, duration_ms, entity_id, entity_type, error_details, ip_address, log_level, message, module, new_value, old_value, request_method, request_url, session_id, status, user_agent, user_id, user_name) 
    values
        (?, ?, ?, ?, ?, ?, ?, ?, ?, ?, ?, ?, ?, ?, ?, ?, ?, ?, ?)
2025-07-20 00:07:33 [SimpleAsyncTaskExecutor-86] DEBUG org.hibernate.SQL - 
    insert 
    into
        system_log
        (action, created_at, duration_ms, entity_id, entity_type, error_details, ip_address, log_level, message, module, new_value, old_value, request_method, request_url, session_id, status, user_agent, user_id, user_name) 
    values
        (?, ?, ?, ?, ?, ?, ?, ?, ?, ?, ?, ?, ?, ?, ?, ?, ?, ?, ?)
2025-07-20 00:07:33 [http-nio-8080-exec-4] DEBUG o.s.security.web.FilterChainProxy - Securing GET /uploads/students/21072006095/faces/face_5.jpeg
2025-07-20 00:07:33 [http-nio-8080-exec-5] DEBUG o.s.security.web.FilterChainProxy - Securing GET /uploads/students/21072006095/faces/face_4.jpeg
2025-07-20 00:07:33 [http-nio-8080-exec-2] DEBUG o.s.security.web.FilterChainProxy - Securing GET /uploads/students/21072006095/faces/face_2.jpeg
2025-07-20 00:07:33 [http-nio-8080-exec-6] DEBUG o.s.security.web.FilterChainProxy - Securing GET /uploads/students/21072006095/faces/face_3.jpeg
2025-07-20 00:07:33 [http-nio-8080-exec-10] DEBUG o.s.security.web.FilterChainProxy - Securing GET /uploads/students/21072006095/faces/face_1.jpeg
2025-07-20 00:07:33 [http-nio-8080-exec-4] DEBUG o.s.security.web.FilterChainProxy - Secured GET /uploads/students/21072006095/faces/face_5.jpeg
2025-07-20 00:07:33 [http-nio-8080-exec-2] DEBUG o.s.security.web.FilterChainProxy - Secured GET /uploads/students/21072006095/faces/face_2.jpeg
2025-07-20 00:07:33 [http-nio-8080-exec-5] DEBUG o.s.security.web.FilterChainProxy - Secured GET /uploads/students/21072006095/faces/face_4.jpeg
2025-07-20 00:07:33 [http-nio-8080-exec-6] DEBUG o.s.security.web.FilterChainProxy - Secured GET /uploads/students/21072006095/faces/face_3.jpeg
2025-07-20 00:07:33 [http-nio-8080-exec-10] DEBUG o.s.security.web.FilterChainProxy - Secured GET /uploads/students/21072006095/faces/face_1.jpeg
2025-07-20 00:07:33 [http-nio-8080-exec-4] DEBUG o.s.s.w.c.HttpSessionSecurityContextRepository - Retrieved SecurityContextImpl [Authentication=UsernamePasswordAuthenticationToken [Principal=com.tathanhloc.faceattendance.Security.CustomUserDetails@10b705c0, Credentials=[PROTECTED], Authenticated=true, Details=WebAuthenticationDetails [RemoteIpAddress=0:0:0:0:0:0:0:1, SessionId=3AC49FCD6C9529C424FBE42F6165DAB3], Granted Authorities=[ROLE_SINHVIEN]]]
2025-07-20 00:07:33 [http-nio-8080-exec-6] DEBUG o.s.s.w.c.HttpSessionSecurityContextRepository - Retrieved SecurityContextImpl [Authentication=UsernamePasswordAuthenticationToken [Principal=com.tathanhloc.faceattendance.Security.CustomUserDetails@10b705c0, Credentials=[PROTECTED], Authenticated=true, Details=WebAuthenticationDetails [RemoteIpAddress=0:0:0:0:0:0:0:1, SessionId=3AC49FCD6C9529C424FBE42F6165DAB3], Granted Authorities=[ROLE_SINHVIEN]]]
2025-07-20 00:07:33 [http-nio-8080-exec-5] DEBUG o.s.s.w.c.HttpSessionSecurityContextRepository - Retrieved SecurityContextImpl [Authentication=UsernamePasswordAuthenticationToken [Principal=com.tathanhloc.faceattendance.Security.CustomUserDetails@10b705c0, Credentials=[PROTECTED], Authenticated=true, Details=WebAuthenticationDetails [RemoteIpAddress=0:0:0:0:0:0:0:1, SessionId=3AC49FCD6C9529C424FBE42F6165DAB3], Granted Authorities=[ROLE_SINHVIEN]]]
2025-07-20 00:07:33 [http-nio-8080-exec-2] DEBUG o.s.s.w.c.HttpSessionSecurityContextRepository - Retrieved SecurityContextImpl [Authentication=UsernamePasswordAuthenticationToken [Principal=com.tathanhloc.faceattendance.Security.CustomUserDetails@10b705c0, Credentials=[PROTECTED], Authenticated=true, Details=WebAuthenticationDetails [RemoteIpAddress=0:0:0:0:0:0:0:1, SessionId=3AC49FCD6C9529C424FBE42F6165DAB3], Granted Authorities=[ROLE_SINHVIEN]]]
2025-07-20 00:07:33 [http-nio-8080-exec-10] DEBUG o.s.s.w.c.HttpSessionSecurityContextRepository - Retrieved SecurityContextImpl [Authentication=UsernamePasswordAuthenticationToken [Principal=com.tathanhloc.faceattendance.Security.CustomUserDetails@10b705c0, Credentials=[PROTECTED], Authenticated=true, Details=WebAuthenticationDetails [RemoteIpAddress=0:0:0:0:0:0:0:1, SessionId=3AC49FCD6C9529C424FBE42F6165DAB3], Granted Authorities=[ROLE_SINHVIEN]]]
2025-07-20 00:07:33 [http-nio-8080-exec-7] DEBUG o.s.security.web.FilterChainProxy - Securing GET /api/auth/me
2025-07-20 00:07:33 [http-nio-8080-exec-7] DEBUG o.s.s.w.c.HttpSessionSecurityContextRepository - Retrieved SecurityContextImpl [Authentication=UsernamePasswordAuthenticationToken [Principal=com.tathanhloc.faceattendance.Security.CustomUserDetails@10b705c0, Credentials=[PROTECTED], Authenticated=true, Details=WebAuthenticationDetails [RemoteIpAddress=0:0:0:0:0:0:0:1, SessionId=3AC49FCD6C9529C424FBE42F6165DAB3], Granted Authorities=[ROLE_SINHVIEN]]]
2025-07-20 00:07:33 [http-nio-8080-exec-7] DEBUG o.s.security.web.FilterChainProxy - Secured GET /api/auth/me
2025-07-20 00:07:33 [http-nio-8080-exec-7] INFO  c.t.f.Controller.AuthController - Current user info requested: 21072006095
2025-07-20 00:07:33 [SimpleAsyncTaskExecutor-87] DEBUG org.hibernate.SQL - 
    insert 
    into
        system_log
        (action, created_at, duration_ms, entity_id, entity_type, error_details, ip_address, log_level, message, module, new_value, old_value, request_method, request_url, session_id, status, user_agent, user_id, user_name) 
    values
        (?, ?, ?, ?, ?, ?, ?, ?, ?, ?, ?, ?, ?, ?, ?, ?, ?, ?, ?)
